** Drc report for tracker_v3.kicad_pcb **
** Created on 2026-10-08T16:56:20 **
** Report includes: Errors, Warnings **

** Found 50 DRC violations **
[drill_out_of_range]: Hole size out of range (board setup constraints min hole 0.3000 mm; actual 0.2000 mm)
    Rule: board setup constraints; error
    @(129.6276 mm, 85.0077 mm): PTH pad 9 [GND] of U5
[drill_out_of_range]: Hole size out of range (board setup constraints min hole 0.3000 mm; actual 0.2000 mm)
    Rule: board setup constraints; error
    @(129.6276 mm, 86.2077 mm): PTH pad 9 [GND] of U5
[drill_out_of_range]: Hole size out of range (board setup constraints min hole 0.3000 mm; actual 0.2000 mm)
    Rule: board setup constraints; error
    @(129.6276 mm, 87.4077 mm): PTH pad 9 [GND] of U5
[drill_out_of_range]: Hole size out of range (board setup constraints min hole 0.3000 mm; actual 0.2000 mm)
    Rule: board setup constraints; error
    @(131.0276 mm, 85.0077 mm): PTH pad 9 [GND] of U5
[drill_out_of_range]: Hole size out of range (board setup constraints min hole 0.3000 mm; actual 0.2000 mm)
    Rule: board setup constraints; error
    @(131.0276 mm, 86.2077 mm): PTH pad 9 [GND] of U5
[drill_out_of_range]: Hole size out of range (board setup constraints min hole 0.3000 mm; actual 0.2000 mm)
    Rule: board setup constraints; error
    @(131.0276 mm, 87.4077 mm): PTH pad 9 [GND] of U5
[copper_edge_clearance]: Board edge clearance violation (board setup constraints edge clearance 0.5000 mm; actual 0.4450 mm)
    Rule: board setup constraints edge; error
    @(179.2486 mm, 92.5000 mm): Segment on Edge.Cuts
    @(180.7250 mm, 90.0000 mm): PTH pad 1 [/Shunt_Output] of J2
[copper_edge_clearance]: Board edge clearance violation (board setup constraints edge clearance 0.5000 mm; actual 0.4450 mm)
    Rule: board setup constraints edge; error
    @(184.2118 mm, 92.0000 mm): Segment on Edge.Cuts
    @(183.2650 mm, 90.0000 mm): PTH pad 2 [GND] of J2
[courtyards_overlap]: Courtyards overlap
    Rule: board setup constraints courtyard; error
    @(180.7250 mm, 90.0000 mm): Footprint J2
    @(183.1200 mm, 84.6200 mm): Footprint U1
[pth_inside_courtyard]: PTH inside courtyard
    Local override; error
    @(180.7250 mm, 90.0000 mm): PTH pad 1 [/Shunt_Output] of J2
    @(183.1200 mm, 84.6200 mm): Footprint U1
[pth_inside_courtyard]: PTH inside courtyard
    Local override; error
    @(183.2650 mm, 90.0000 mm): PTH pad 2 [GND] of J2
    @(183.1200 mm, 84.6200 mm): Footprint U1
[silk_overlap]: Silkscreen clearance
    Rule: board setup constraints silk; warning
    @(157.0866 mm, 83.6258 mm): Reference field of C7
    @(156.5966 mm, 83.7102 mm): Segment of C7 on F.Silkscreen
[silk_overlap]: Silkscreen clearance
    Rule: board setup constraints silk; warning
    @(161.5866 mm, 92.4155 mm): Segment of C1 on F.Silkscreen
    @(162.1566 mm, 92.2749 mm): Reference field of C2
[silk_overlap]: Silkscreen clearance
    Rule: board setup constraints silk; warning
    @(168.5166 mm, 92.1750 mm): Reference field of R2
    @(168.6566 mm, 92.1750 mm): Reference field of R3
[silk_overlap]: Silkscreen clearance
    Rule: board setup constraints silk; warning
    @(171.0000 mm, 86.0520 mm): Reference field of TP3
    @(171.5000 mm, 85.0000 mm): Circle of TP4 on F.Silkscreen
[silk_overlap]: Silkscreen clearance
    Rule: board setup constraints silk; warning
    @(149.6276 mm, 85.7490 mm): Footprint text of Q1 (*)
    @(149.6276 mm, 85.7490 mm): Footprint text of Q1 (*)
[silk_overlap]: Silkscreen clearance
    Rule: board setup constraints silk; warning
    @(126.7326 mm, 77.8427 mm): Reference field of C5
    @(127.1326 mm, 77.5927 mm): Segment of J1 on F.Silkscreen
[silk_over_copper]: Silkscreen clipped by solder mask
    Local override; warning
    @(157.0866 mm, 83.6258 mm): Reference field of C7
    @(156.0866 mm, 83.0758 mm): Pad 1 [Net-(U3-VCC)] of C7 on F.Cu
[silk_over_copper]: Silkscreen clipped by solder mask
    Local override; warning
    @(162.1566 mm, 92.2749 mm): Reference field of C2
    @(161.0766 mm, 91.4999 mm): Pad 2 [3v3] of C1 on F.Cu
[silk_over_copper]: Silkscreen clipped by solder mask
    Local override; warning
    @(142.5000 mm, 78.0000 mm): PCB text '+' on F.Silkscreen
    @(143.0866 mm, 76.3508 mm): PTH pad 1 [/Charging_and_Battery/BAT+] of BT1
[silk_over_copper]: Silkscreen clipped by solder mask
    Local override; warning
    @(171.0000 mm, 86.0520 mm): Reference field of TP3
    @(171.5000 mm, 85.0000 mm): Pad 1 [SCL] of TP4 on F.Cu
[silk_over_copper]: Silkscreen clipped by solder mask
    Local override; warning
    @(174.2300 mm, 93.1290 mm): Segment of U1 on F.Silkscreen
    @(174.6650 mm, 87.1600 mm): Pad 5 [SDA] of U1 on F.Cu
[silk_over_copper]: Silkscreen clipped by solder mask
    Local override; warning
    @(174.2300 mm, 93.1290 mm): Segment of U1 on F.Silkscreen
    @(174.6650 mm, 89.7000 mm): Pad 6 [SCL] of U1 on F.Cu
[silk_over_copper]: Silkscreen clipped by solder mask
    Local override; warning
    @(174.2300 mm, 93.1290 mm): Segment of U1 on F.Silkscreen
    @(174.6650 mm, 77.0000 mm): Pad 1 [Net-(U1-D0)] of U1 on F.Cu
[silk_over_copper]: Silkscreen clipped by solder mask
    Local override; warning
    @(174.2300 mm, 93.1290 mm): Segment of U1 on F.Silkscreen
    @(174.6650 mm, 79.5400 mm): Pad 2 [unconnected-(U1-D1-Pad2)] of U1 on F.Cu
[silk_over_copper]: Silkscreen clipped by solder mask
    Local override; warning
    @(174.2300 mm, 93.1290 mm): Segment of U1 on F.Silkscreen
    @(174.6650 mm, 82.0800 mm): Pad 3 [Net-(U1-D2)] of U1 on F.Cu
[silk_over_copper]: Silkscreen clipped by solder mask
    Local override; warning
    @(174.2300 mm, 93.1290 mm): Segment of U1 on F.Silkscreen
    @(174.6650 mm, 84.6200 mm): Pad 4 [unconnected-(U1-D3-Pad4)_1] of U1 on F.Cu
[silk_over_copper]: Silkscreen clipped by solder mask
    Local override; warning
    @(192.0100 mm, 93.1290 mm): Segment of U1 on F.Silkscreen
    @(191.5750 mm, 82.0800 mm): Pad 12 [3v3] of U1 on F.Cu
[silk_over_copper]: Silkscreen clipped by solder mask
    Local override; warning
    @(192.0100 mm, 93.1290 mm): Segment of U1 on F.Silkscreen
    @(191.5750 mm, 79.5400 mm): Pad 13 [GND] of U1 on F.Cu
[silk_over_copper]: Silkscreen clipped by solder mask
    Local override; warning
    @(192.0100 mm, 93.1290 mm): Segment of U1 on F.Silkscreen
    @(191.5750 mm, 77.0000 mm): Pad 14 [unconnected-(U1-VBUS-Pad14)_1] of U1 on F.Cu
[silk_over_copper]: Silkscreen clipped by solder mask
    Local override; warning
    @(151.2341 mm, 88.4008 mm): Reference field of Q1
    @(149.8816 mm, 88.4008 mm): Pad 2 [/Charging_and_Battery/PROTECT_MID] of Q1 on F.Cu
[silk_over_copper]: Silkscreen clipped by solder mask
    Local override; warning
    @(166.0866 mm, 78.2808 mm): Reference field of C3
    @(167.0866 mm, 79.2508 mm): Pad 10 [/Charging_and_Battery/BAT+] of U4 on F.Cu
[silk_over_copper]: Silkscreen clipped by solder mask
    Local override; warning
    @(126.7576 mm, 86.2077 mm): Reference field of R4
    @(127.8526 mm, 85.5727 mm): Pad 2 [Net-(U5-PROG)] of U5 on F.Cu
[silk_over_copper]: Silkscreen clipped by solder mask
    Local override; warning
    @(126.7576 mm, 86.2077 mm): Reference field of R4
    @(127.8526 mm, 86.8427 mm): Pad 3 [GND] of U5 on F.Cu
[silk_over_copper]: Silkscreen clipped by solder mask
    Local override; warning
    @(126.7326 mm, 77.8427 mm): Reference field of C5
    @(127.4826 mm, 78.6427 mm): PTH pad SH [GND] of J1
[text_height]: Text height out of range (board setup constraints silk text height min height 0.8000 mm; actual 0.6350 mm)
    Rule: board setup constraints silk text height; warning
    @(172.8700 mm, 84.7450 mm): Reference field of U1
[lib_footprint_mismatch]: Footprint 'XIAO-ESP32-C6-DIP' does not match copy in library 'Seeed_Studio_XIAO_Series'
    Local override; warning
    @(183.1200 mm, 84.6200 mm): Footprint U1
[silk_edge_clearance]: Silkscreen clipped by board edge
    Rule: board setup constraints silk; warning
    @(179.2486 mm, 92.5000 mm): Segment on Edge.Cuts
    @(180.7250 mm, 91.3800 mm): Segment of J2 on F.Silkscreen
[silk_edge_clearance]: Silkscreen clipped by board edge
    Rule: board setup constraints silk; warning
    @(184.2118 mm, 92.0000 mm): Segment on Edge.Cuts
    @(181.9950 mm, 91.3800 mm): Segment of J2 on F.Silkscreen
[silk_edge_clearance]: Silkscreen clipped by board edge
    Rule: board setup constraints silk; warning
    @(184.2118 mm, 92.0000 mm): Segment on Edge.Cuts
    @(184.6450 mm, 91.3800 mm): Segment of J2 on F.Silkscreen
[silk_edge_clearance]: Silkscreen clipped by board edge
    Rule: board setup constraints silk; warning
    @(123.0049 mm, 72.1587 mm): Segment on Edge.Cuts
    @(170.0000 mm, 72.5520 mm): Reference field of TP6
[silk_edge_clearance]: Silkscreen clipped by board edge
    Rule: board setup constraints silk; warning
    @(179.2486 mm, 92.5000 mm): Segment on Edge.Cuts
    @(174.2300 mm, 93.1290 mm): Segment of U1 on F.Silkscreen
[silk_edge_clearance]: Silkscreen clipped by board edge
    Rule: board setup constraints silk; warning
    @(188.0000 mm, 85.5000 mm): Segment on Edge.Cuts
    @(192.0100 mm, 93.1290 mm): Segment of U1 on F.Silkscreen
[track_dangling]: Track has unconnected end
    Local override; warning
    @(140.5000 mm, 83.0000 mm): Track [<no net>] on F.Cu, length 0.2000 mm
[track_dangling]: Track has unconnected end
    Local override; warning
    @(142.0000 mm, 84.0000 mm): Track [<no net>] on F.Cu, length 0.5000 mm
[via_dangling]: Via is not connected or connected on only one layer
    Local override; warning
    @(132.8026 mm, 88.1127 mm): Via [/Charging_and_Battery/BAT+] on F.Cu - B.Cu
[track_dangling]: Track has unconnected end
    Local override; warning
    @(172.3615 mm, 77.8615 mm): Track [Net-(U1-D0)] on F.Cu, length 0.0304 mm
[track_dangling]: Track has unconnected end
    Local override; warning
    @(134.2320 mm, 87.5120 mm): Track [Net-(D2-K)] on F.Cu, length 0.1810 mm
[isolated_copper]: Isolated copper fill
    Local override; warning
    @(122.5000 mm, 74.0000 mm): Zone [GND] on F.Cu and B.Cu, priority 3
[isolated_copper]: Isolated copper fill
    Local override; warning
    @(122.5000 mm, 74.0000 mm): Zone [GND] on F.Cu and B.Cu, priority 3

** Found 0 unconnected pads **

** Found 11 Footprint errors **
[net_conflict]: No pad found for pin 24 (GND) in schematic
    Local override; warning
    @(183.1200 mm, 84.6200 mm): Footprint U1
[net_conflict]: No pad found for pin 22 in schematic
    Local override; warning
    @(183.1200 mm, 84.6200 mm): Footprint U1
[net_conflict]: No pad found for pin 21 in schematic
    Local override; warning
    @(183.1200 mm, 84.6200 mm): Footprint U1
[net_conflict]: No pad found for pin 17 in schematic
    Local override; warning
    @(183.1200 mm, 84.6200 mm): Footprint U1
[net_conflict]: No pad found for pin 18 in schematic
    Local override; warning
    @(183.1200 mm, 84.6200 mm): Footprint U1
[net_conflict]: No pad found for pin 20 in schematic
    Local override; warning
    @(183.1200 mm, 84.6200 mm): Footprint U1
[net_conflict]: No pad found for pin 15 in schematic
    Local override; warning
    @(183.1200 mm, 84.6200 mm): Footprint U1
[net_conflict]: No pad found for pin 16 in schematic
    Local override; warning
    @(183.1200 mm, 84.6200 mm): Footprint U1
[net_conflict]: No pad found for pin 19 in schematic
    Local override; warning
    @(183.1200 mm, 84.6200 mm): Footprint U1
[net_conflict]: No pad found for pin 23 in schematic
    Local override; warning
    @(183.1200 mm, 84.6200 mm): Footprint U1
[extra_footprint]: Extra footprint
    Local override; warning
    @(0.0000 mm, 0.0000 mm): Footprint REF**

** Ignored checks **
    - Footprint has no courtyard defined
    - Track endpoint not centered on via
    - Tuning profile track geometries
    - Footprint doesn't match symbol's footprint filters
    - Footprint component type doesn't match footprint pads

** End of Report **
