** Drc report for tracker.kicad_pcb **
** Created on 2026-09-22T16:21:33 **
** Report includes: Errors, Warnings **

** Found 54 DRC violations **
[clearance]: Clearance violation ( clearance 0.1500 mm; actual 0.1000 mm)
    Local override; error
    @(133.5000 mm, 96.5000 mm): Via [3v3] on F.Cu - B.Cu
    @(134.0000 mm, 105.0200 mm): Track [USB_VBUS] on F.Cu, length 9.5000 mm
[silk_overlap]: Silkscreen clearance
    Rule: board setup constraints silk; warning
    @(142.6600 mm, 84.2050 mm): Reference field of D2
    @(142.2350 mm, 85.6900 mm): Segment of D1 on F.Silkscreen
[silk_overlap]: Silkscreen clearance
    Rule: board setup constraints silk; warning
    @(142.8900 mm, 80.1950 mm): Reference field of R8
    @(143.4475 mm, 79.9577 mm): Segment of R10 on F.Silkscreen
[silk_overlap]: Silkscreen clearance
    Rule: board setup constraints silk; warning
    @(152.3435 mm, 115.4956 mm): Footprint text of Q1 (*)
    @(152.3435 mm, 115.4956 mm): Footprint text of Q1 (*)
[silk_over_copper]: Silkscreen clipped by solder mask
    Local override; warning
    @(111.3514 mm, 97.4813 mm): Segment of U1 on F.Silkscreen
    @(112.1864 mm, 81.3483 mm): Pad 1 [Net-(U1-D0)] of U1 on F.Cu
[silk_over_copper]: Silkscreen clipped by solder mask
    Local override; warning
    @(111.3514 mm, 97.4813 mm): Segment of U1 on F.Silkscreen
    @(112.1864 mm, 83.8883 mm): Pad 2 [unconnected-(U1-D1-Pad2)] of U1 on F.Cu
[silk_over_copper]: Silkscreen clipped by solder mask
    Local override; warning
    @(111.3514 mm, 97.4813 mm): Segment of U1 on F.Silkscreen
    @(112.1864 mm, 86.4283 mm): Pad 3 [Net-(U1-D2)] of U1 on F.Cu
[silk_over_copper]: Silkscreen clipped by solder mask
    Local override; warning
    @(111.3514 mm, 97.4813 mm): Segment of U1 on F.Silkscreen
    @(112.1864 mm, 88.9683 mm): Pad 4 [unconnected-(U1-D3-Pad4)] of U1 on F.Cu
[silk_over_copper]: Silkscreen clipped by solder mask
    Local override; warning
    @(111.3514 mm, 97.4813 mm): Segment of U1 on F.Silkscreen
    @(112.1864 mm, 94.0483 mm): Pad 6 [SCL] of U1 on F.Cu
[silk_over_copper]: Silkscreen clipped by solder mask
    Local override; warning
    @(111.3514 mm, 97.4813 mm): Segment of U1 on F.Silkscreen
    @(112.1864 mm, 96.5883 mm): Pad 7 [unconnected-(U1-D6-Pad7)] of U1 on F.Cu
[silk_over_copper]: Silkscreen clipped by solder mask
    Local override; warning
    @(111.3514 mm, 97.4813 mm): Segment of U1 on F.Silkscreen
    @(112.1864 mm, 91.5083 mm): Pad 5 [SDA] of U1 on F.Cu
[silk_over_copper]: Silkscreen clipped by solder mask
    Local override; warning
    @(129.1314 mm, 97.4813 mm): Segment of U1 on F.Silkscreen
    @(128.3514 mm, 91.5083 mm): Pad 10 [unconnected-(U1-D9-Pad10)] of U1 on F.Cu
[silk_over_copper]: Silkscreen clipped by solder mask
    Local override; warning
    @(129.1314 mm, 97.4813 mm): Segment of U1 on F.Silkscreen
    @(128.3514 mm, 88.9683 mm): Pad 11 [unconnected-(U1-D10-Pad11)] of U1 on F.Cu
[silk_over_copper]: Silkscreen clipped by solder mask
    Local override; warning
    @(129.1314 mm, 97.4813 mm): Segment of U1 on F.Silkscreen
    @(128.3514 mm, 86.4283 mm): Pad 12 [3v3] of U1 on F.Cu
[silk_over_copper]: Silkscreen clipped by solder mask
    Local override; warning
    @(129.1314 mm, 97.4813 mm): Segment of U1 on F.Silkscreen
    @(128.3514 mm, 83.8883 mm): Pad 13 [GND] of U1 on F.Cu
[silk_over_copper]: Silkscreen clipped by solder mask
    Local override; warning
    @(129.1314 mm, 97.4813 mm): Segment of U1 on F.Silkscreen
    @(128.3514 mm, 81.3483 mm): Pad 14 [unconnected-(U1-VBUS-Pad14)] of U1 on F.Cu
[silk_over_copper]: Silkscreen clipped by solder mask
    Local override; warning
    @(129.1314 mm, 97.4813 mm): Segment of U1 on F.Silkscreen
    @(128.3514 mm, 94.0483 mm): Pad 9 [unconnected-(U1-D8-Pad9)] of U1 on F.Cu
[silk_over_copper]: Silkscreen clipped by solder mask
    Local override; warning
    @(129.1314 mm, 97.4813 mm): Segment of U1 on F.Silkscreen
    @(128.3514 mm, 96.5883 mm): Pad 8 [unconnected-(U1-D7-Pad8)] of U1 on F.Cu
[silk_over_copper]: Silkscreen clipped by solder mask
    Local override; warning
    @(113.2564 mm, 97.4813 mm): Arc of U1 on F.Silkscreen
    @(112.1864 mm, 96.5883 mm): Pad 7 [unconnected-(U1-D6-Pad7)] of U1 on F.Cu
[silk_over_copper]: Silkscreen clipped by solder mask
    Local override; warning
    @(127.2264 mm, 97.4813 mm): Arc of U1 on F.Silkscreen
    @(128.3514 mm, 96.5883 mm): Pad 8 [unconnected-(U1-D7-Pad8)] of U1 on F.Cu
[silk_over_copper]: Silkscreen clipped by solder mask
    Local override; warning
    @(127.2264 mm, 80.3363 mm): Arc of U1 on F.Silkscreen
    @(128.3514 mm, 81.3483 mm): Pad 14 [unconnected-(U1-VBUS-Pad14)] of U1 on F.Cu
[silk_over_copper]: Silkscreen clipped by solder mask
    Local override; warning
    @(113.2564 mm, 80.3323 mm): Arc of U1 on F.Silkscreen
    @(112.1864 mm, 81.3483 mm): Pad 1 [Net-(U1-D0)] of U1 on F.Cu
[silk_over_copper]: Silkscreen clipped by solder mask
    Local override; warning
    @(153.9500 mm, 118.1475 mm): Reference field of Q1
    @(152.5975 mm, 118.1475 mm): Pad 2 [/Charging_and_Battery/PROTECT_MID] of Q1 on F.Cu
[text_height]: Text height out of range (board setup constraints silk text height min height 0.8000 mm; actual 0.7823 mm)
    Rule: board setup constraints silk text height; warning
    @(118.4634 mm, 78.1323 mm): Reference field of U1
[track_dangling]: Track has unconnected end
    Local override; warning
    @(149.5000 mm, 98.5000 mm): Track [<no net>] on B.Cu, length 4.0000 mm
[track_dangling]: Track has unconnected end
    Local override; warning
    @(143.5000 mm, 111.5000 mm): Track [<no net>] on B.Cu, length 3.0000 mm
[track_dangling]: Track has unconnected end
    Local override; warning
    @(146.5000 mm, 116.5000 mm): Track [<no net>] on B.Cu, length 4.5000 mm
[track_dangling]: Track has unconnected end
    Local override; warning
    @(151.0000 mm, 121.0000 mm): Track [<no net>] on B.Cu, length 6.3640 mm
[track_dangling]: Track has unconnected end
    Local override; warning
    @(106.5000 mm, 110.0000 mm): Track [<no net>] on B.Cu, length 5.0000 mm
[track_dangling]: Track has unconnected end
    Local override; warning
    @(98.5000 mm, 95.0000 mm): Track [<no net>] on B.Cu, length 7.0000 mm
[track_dangling]: Track has unconnected end
    Local override; warning
    @(105.5000 mm, 92.5000 mm): Track [<no net>] on B.Cu, length 1.5000 mm
[track_dangling]: Track has unconnected end
    Local override; warning
    @(99.5000 mm, 94.0000 mm): Track [<no net>] on B.Cu, length 0.7071 mm
[track_dangling]: Track has unconnected end
    Local override; warning
    @(150.0000 mm, 85.5000 mm): Track [Net-(J1-CC2)] on B.Cu, length 0.5000 mm
[track_dangling]: Track has unconnected end
    Local override; warning
    @(157.5000 mm, 85.5000 mm): Track [Net-(J1-CC2)] on B.Cu, length 1.5000 mm
[track_dangling]: Track has unconnected end
    Local override; warning
    @(119.0000 mm, 121.0000 mm): Track [3v3] on B.Cu, length 0.7071 mm
[track_dangling]: Track has unconnected end
    Local override; warning
    @(122.5000 mm, 116.0000 mm): Track [3v3] on B.Cu, length 0.5000 mm
[track_dangling]: Track has unconnected end
    Local override; warning
    @(123.0000 mm, 109.5000 mm): Track [SDA] on B.Cu, length 1.5000 mm
[track_dangling]: Track has unconnected end
    Local override; warning
    @(109.0000 mm, 118.5000 mm): Track [SDA] on B.Cu, length 7.7782 mm
[track_dangling]: Track has unconnected end
    Local override; warning
    @(106.0000 mm, 125.5000 mm): Track [3v3] on B.Cu, length 2.0000 mm
[track_dangling]: Track has unconnected end
    Local override; warning
    @(106.0000 mm, 125.5000 mm): Track [3v3] on B.Cu, length 6.3640 mm
[via_dangling]: Via is not connected or connected on only one layer
    Local override; warning
    @(149.5000 mm, 94.5000 mm): Via [USB_VBUS] on F.Cu - B.Cu
[via_dangling]: Via is not connected or connected on only one layer
    Local override; warning
    @(158.0000 mm, 87.5000 mm): Via [USB_VBUS] on F.Cu - B.Cu
[track_dangling]: Track has unconnected end
    Local override; warning
    @(110.5000 mm, 116.0000 mm): Track [SCL] on B.Cu, length 3.0000 mm
[track_dangling]: Track has unconnected end
    Local override; warning
    @(157.0000 mm, 103.9750 mm): Track [Net-(U3-CS)] on F.Cu, length 5.5250 mm
[isolated_copper]: Isolated copper fill
    Local override; warning
    @(146.0000 mm, 110.5000 mm): Zone [GND] on F.Cu and B.Cu, priority 6
[isolated_copper]: Isolated copper fill
    Local override; warning
    @(153.0000 mm, 97.5000 mm): Zone [GND] on F.Cu and B.Cu, priority 10
[isolated_copper]: Isolated copper fill
    Local override; warning
    @(141.0000 mm, 104.5000 mm): Zone [GND] on F.Cu and B.Cu, priority 7
[isolated_copper]: Isolated copper fill
    Local override; warning
    @(98.5000 mm, 94.0000 mm): Zone [GND] on F.Cu and B.Cu, priority 2
[isolated_copper]: Isolated copper fill
    Local override; warning
    @(104.5000 mm, 113.5000 mm): Zone [GND] on F.Cu and B.Cu, priority 3
[isolated_copper]: Isolated copper fill
    Local override; warning
    @(118.5000 mm, 125.0000 mm): Zone [GND] on F.Cu and B.Cu, priority 4
[isolated_copper]: Isolated copper fill
    Local override; warning
    @(123.0000 mm, 93.0000 mm): Zone [GND] on F.Cu and B.Cu, priority 5
[isolated_copper]: Isolated copper fill
    Local override; warning
    @(150.5000 mm, 120.5000 mm): Zone [GND] on F.Cu and B.Cu, priority 8
[isolated_copper]: Isolated copper fill
    Local override; warning
    @(104.0000 mm, 92.0000 mm): Zone [GND] on F.Cu and B.Cu, priority 0
[isolated_copper]: Isolated copper fill
    Local override; warning
    @(104.0000 mm, 92.0000 mm): Zone [GND] on F.Cu and B.Cu, priority 0

** Found 19 unconnected pads **
[unconnected_items]: Missing connection between items
    Local override; error
    @(157.0000 mm, 103.9750 mm): Track [Net-(U3-CS)] on F.Cu, length 5.5250 mm
    @(157.0000 mm, 110.1750 mm): Pad 1 [Net-(U3-CS)] of R9 on F.Cu
[unconnected_items]: Missing connection between items
    Local override; error
    @(158.2700 mm, 87.2300 mm): Track [USB_VBUS] on F.Cu, length 1.7650 mm
    @(155.2300 mm, 85.4650 mm): Pad B9 [USB_VBUS] of J1 on F.Cu
[unconnected_items]: Missing connection between items
    Local override; error
    @(103.5000 mm, 124.0000 mm): Pad 2 [SDA] of R3 on F.Cu
    @(109.0000 mm, 118.5000 mm): Track [SDA] on B.Cu, length 7.7782 mm
[unconnected_items]: Missing connection between items
    Local override; error
    @(123.0000 mm, 111.4000 mm): Pad 4 [SDA] of U4 on F.Cu
    @(123.0000 mm, 109.5000 mm): Track [SDA] on B.Cu, length 1.5000 mm
[unconnected_items]: Missing connection between items
    Local override; error
    @(110.5000 mm, 116.0000 mm): Track [SCL] on B.Cu, length 3.0000 mm
    @(110.5000 mm, 119.1750 mm): Pad 1 [SCL] of R2 on F.Cu
[unconnected_items]: Missing connection between items
    Local override; error
    @(100.5000 mm, 122.6500 mm): Track [3v3] on F.Cu, length 4.2426 mm
    @(106.0000 mm, 125.5000 mm): Track [3v3] on B.Cu, length 2.0000 mm
[unconnected_items]: Missing connection between items
    Local override; error
    @(106.0000 mm, 125.5000 mm): Track [3v3] on B.Cu, length 6.3640 mm
    @(110.5000 mm, 120.8250 mm): Pad 2 [3v3] of R2 on F.Cu
[unconnected_items]: Missing connection between items
    Local override; error
    @(119.5000 mm, 121.6250 mm): Track [3v3] on F.Cu, length 0.1000 mm
    @(119.0000 mm, 121.0000 mm): Track [3v3] on B.Cu, length 0.7071 mm
[unconnected_items]: Missing connection between items
    Local override; error
    @(122.5000 mm, 115.6000 mm): Track [3v3] on F.Cu, length 1.1000 mm
    @(122.5000 mm, 116.0000 mm): Track [3v3] on B.Cu, length 0.5000 mm
[unconnected_items]: Missing connection between items
    Local override; error
    @(150.0000 mm, 85.5000 mm): Track [Net-(J1-CC2)] on B.Cu, length 0.5000 mm
    @(149.8250 mm, 85.0000 mm): Pad 1 [Net-(J1-CC2)] of R5 on F.Cu
[unconnected_items]: Missing connection between items
    Local override; error
    @(157.5000 mm, 85.5000 mm): Track [Net-(J1-CC2)] on B.Cu, length 1.5000 mm
    @(157.2500 mm, 85.4650 mm): Pad B5 [Net-(J1-CC2)] of J1 on F.Cu
[unconnected_items]: Missing connection between items
    Local override; error
    @(100.7750 mm, 94.2250 mm): Track [GND] on F.Cu, length 0.5000 mm
    @(100.7750 mm, 93.2250 mm): Track [GND] on F.Cu, length 0.5500 mm
[unconnected_items]: Missing connection between items
    Local override; error
    @(103.2250 mm, 92.7250 mm): Track [GND] on F.Cu, length 1.0500 mm
    @(100.7750 mm, 93.2250 mm): Track [GND] on F.Cu, length 0.5500 mm
[unconnected_items]: Missing connection between items
    Local override; error
    @(123.0000 mm, 93.0000 mm): Zone [GND] on F.Cu and B.Cu, priority 5
    @(104.0000 mm, 92.0000 mm): Zone [GND] on F.Cu and B.Cu, priority 0
[unconnected_items]: Missing connection between items
    Local override; error
    @(124.0000 mm, 86.5000 mm): Track [GND] on F.Cu, length 7.0000 mm
    @(139.6550 mm, 99.2100 mm): Track [GND] on F.Cu, length 1.2900 mm
[unconnected_items]: Missing connection between items
    Local override; error
    @(141.0000 mm, 104.5000 mm): Zone [GND] on F.Cu and B.Cu, priority 7
    @(146.0000 mm, 110.5000 mm): Zone [GND] on F.Cu and B.Cu, priority 6
[unconnected_items]: Missing connection between items
    Local override; error
    @(152.5975 mm, 119.0975 mm): Track [GND] on F.Cu, length 1.3051 mm
    @(146.0000 mm, 110.5000 mm): Track [GND] on F.Cu, length 0.7071 mm
[unconnected_items]: Missing connection between items
    Local override; error
    @(157.0000 mm, 98.0000 mm): Track [GND] on F.Cu, length 3.5000 mm
    @(144.3750 mm, 94.4200 mm): Track [GND] on B.Cu, length 2.9800 mm
[unconnected_items]: Missing connection between items
    Local override; error
    @(158.5000 mm, 88.5000 mm): Zone [GND] on F.Cu, priority 12
    @(153.5000 mm, 88.0000 mm): Zone [GND] on F.Cu, priority 11

** Found 1 Footprint errors **
[footprint_symbol_mismatch]: dikigey_dual_channel_nfets:SOT-26_DIO doesn't match footprint given by symbol (SOT-26_DIO)
    Local override; warning
    @(153.9500 mm, 118.1475 mm): Footprint Q1

** Ignored checks **
    - Footprint has no courtyard defined
    - Track endpoint not centered on via
    - Tuning profile track geometries
    - Footprint doesn't match symbol's footprint filters
    - Footprint component type doesn't match footprint pads

** End of Report **
